// Jest Snapshot v1, https://goo.gl/fbAQLP

exports[`Colors component renders ul with colors 1`] = `
<ul>
  <li
    key="blue#27636"
  >
    name:
    blue
    hex:
    #27636
    rgb:red=
    123
    green=
    34
    blue=
    65
  </li>
  <li
    key="green#2736"
  >
    name:
    green
    hex:
    #2736
    rgb:red=
    13
    green=
    374
    blue=
    235
  </li>
</ul>
`;
